src/App.tsx(91,3): error TS6133: 'copiedEmail' is declared but its value is never read.
src/App.tsx(92,3): error TS6133: 'onCopyEmail' is declared but its value is never read.
src/App.tsx(303,131): error TS2339: Property 'focus' does not exist on type 'Element'.
